// Jest Snapshot v1, https://goo.gl/fbAQLP

exports[`renders without crashing 1`] = `
<div
  class="snap-carousel-container undefined"
>
  <p>
    Some content
  </p>
  <p>
    Some content
  </p>
  <p>
    Some content
  </p>
  <p>
    Some content
  </p>
  <p>
    Some content
  </p>
</div>
`;
